16:15:09 **** Incremental Build of configuration Debug for project core1 ****
make all 
make --no-print-directory pre-build
a9-linaro-pre-build-step
 
make --no-print-directory main-build
Building file: ../src/helloworld.c
Invoking: ARM v7 gcc compiler
arm-none-eabi-gcc -Wall -O0 -g3 -c -fmessage-length=0 -MT"src/helloworld.o" -mcpu=cortex-a9 -mfpu=vfpv3 -mfloat-abi=hard -I/home/blue/workspace/dual_arm2/design_1_wrapper/export/design_1_wrapper/sw/design_1_wrapper/standalone_ps7_cortexa9_1/bspinclude/include -MMD -MP -MF"src/helloworld.d" -MT"src/helloworld.o" -o "src/helloworld.o" "../src/helloworld.c"
Finished building: ../src/helloworld.c
 
Building file: ../src/platform.c
Invoking: ARM v7 gcc compiler
arm-none-eabi-gcc -Wall -O0 -g3 -c -fmessage-length=0 -MT"src/platform.o" -mcpu=cortex-a9 -mfpu=vfpv3 -mfloat-abi=hard -I/home/blue/workspace/dual_arm2/design_1_wrapper/export/design_1_wrapper/sw/design_1_wrapper/standalone_ps7_cortexa9_1/bspinclude/include -MMD -MP -MF"src/platform.d" -MT"src/platform.o" -o "src/platform.o" "../src/platform.c"
Finished building: ../src/platform.c
 
Building file: ../src/uart.c
Invoking: ARM v7 gcc compiler
arm-none-eabi-gcc -Wall -O0 -g3 -c -fmessage-length=0 -MT"src/uart.o" -mcpu=cortex-a9 -mfpu=vfpv3 -mfloat-abi=hard -I/home/blue/workspace/dual_arm2/design_1_wrapper/export/design_1_wrapper/sw/design_1_wrapper/standalone_ps7_cortexa9_1/bspinclude/include -MMD -MP -MF"src/uart.d" -MT"src/uart.o" -o "src/uart.o" "../src/uart.c"
Finished building: ../src/uart.c
 
Building target: core1.elf
Invoking: ARM v7 gcc linker
arm-none-eabi-gcc -mcpu=cortex-a9 -mfpu=vfpv3 -mfloat-abi=hard -Wl,-build-id=none -specs=Xilinx.spec -Wl,-T -Wl,../src/lscript.ld -L/home/blue/workspace/dual_arm2/design_1_wrapper/export/design_1_wrapper/sw/design_1_wrapper/standalone_ps7_cortexa9_1/bsplib/lib -o "core1.elf"  ./src/helloworld.o ./src/platform.o ./src/uart.o   -Wl,--start-group,-lxil,-lgcc,-lc,--end-group
Finished building target: core1.elf
 
Invoking: ARM v7 Print Size
arm-none-eabi-size core1.elf  |tee "core1.elf.size"
   text	   data	    bss	    dec	    hex	filename
  26218	   1208	  22680	  50106	   c3ba	core1.elf
Finished building: core1.elf.size
 

16:15:09 Build Finished (took 311ms)

